git setup
-------------
syang11@fire:/ubc/cs/research/irmtraud/people/syang11/workspace/521_mat> git config --global user.name "Shu Yang"
syang11@fire:/ubc/cs/research/irmtraud/people/syang11/workspace/521_mat> git config user.name
Shu Yang

syang11@fire:/ubc/cs/research/irmtraud/people/syang11/workspace/521_mat> git config --global user.email "syang11@cs.ubc.ca"
syang11@fire:/ubc/cs/research/irmtraud/people/syang11/workspace/521_mat> git config user.email
syang11@cs.ubc.ca

syang11@fire:/ubc/cs/research/irmtraud/people/syang11/workspace/521_mat> git init
Initialized empty Git repository in /ubc/cs/research/irmtraud/people/syang11/workspace/521_mat/.git/ 

syang11@fire:/ubc/cs/research/irmtraud/people/syang11/workspace/521_mat> git config --global credential.helper cache		
# Set git to use the credential memory cache
syang11@fire:/ubc/cs/research/irmtraud/people/syang11/workspace/521_mat> git config --global credential.helper 'cache --timeout=3600'		
# Set the cache to timeout after 1 hour (setting is in seconds)

syang11@fire:/ubc/cs/research/irmtraud/people/syang11/workspace/521_mat> git add *
#remove and stage all files
syang11@fire:/ubc/cs/research/irmtraud/people/syang11/workspace/521_mat> git commit -m "remove all files to git: first commit"
[master (root-commit) 8dd03cf] remove all files to git: first commit
 11 files changed, 1248 insertions(+), 0 deletions(-)
 create mode 100644 .cproject
 create mode 100644 .directory
 create mode 100644 .project
 create mode 100644 hw2Mat.c                                                                                                         
 create mode 100644 main.c
 create mode 100644 mat.c
 create mode 100644 mat1.c
 create mode 100644 mat1_en.c
 create mode 100644 mpi_mm.c
 create mode 100644 myLog
 create mode 100644 myLog~
#make the first commit

syang11@fire:/ubc/cs/research/irmtraud/people/syang11/workspace/521_mat> git log
commit 8dd03cfb814114f3fe702541d69823767b69679d
Author: Shu Yang <syang11@cs.ubc.ca>
Date:   Fri Nov 2 16:05:22 2012 -0700

    remove all files to git: first commit

syang11@fire:/ubc/cs/research/irmtraud/people/syang11/workspace/521_mat> git branch
* master
syang11@fire:/ubc/cs/research/irmtraud/people/syang11/workspace/521_mat> git branch draft
syang11@fire:/ubc/cs/research/irmtraud/people/syang11/workspace/521_mat> git branch
  draft
* master
syang11@fire:/ubc/cs/research/irmtraud/people/syang11/workspace/521_mat> git rm mat1_en.c
rm 'mat1_en.c'
syang11@fire:/ubc/cs/research/irmtraud/people/syang11/workspace/521_mat> git status
# On branch master
# Changes to be committed:
#   (use "git reset HEAD <file>..." to unstage)
#
#       deleted:    mat1_en.c
#
# Changes not staged for commit:
#   (use "git add <file>..." to update what will be committed)
#   (use "git checkout -- <file>..." to discard changes in working directory)
#
#       modified:   myLog
#       modified:   myLog~
#
syang11@fire:/ubc/cs/research/irmtraud/people/syang11/workspace/521_mat> git rm mat.c
rm 'mat.c'
syang11@fire:/ubc/cs/research/irmtraud/people/syang11/workspace/521_mat> git rm mpi_mm.c
rm 'mpi_mm.c'
syang11@fire:/ubc/cs/research/irmtraud/people/syang11/workspace/521_mat> git rm main.c
rm 'main.c'
syang11@fire:/ubc/cs/research/irmtraud/people/syang11/workspace/521_mat> git mat1.c
git: 'mat1.c' is not a git command. See 'git --help'.
syang11@fire:/ubc/cs/research/irmtraud/people/syang11/workspace/521_mat> git rm mat1.c
rm 'mat1.c'
syang11@fire:/ubc/cs/research/irmtraud/people/syang11/workspace/521_mat> git commit -am 'upload master branch to GitHub'
[master 84d6724] upload master branch to GitHub
 7 files changed, 63 insertions(+), 870 deletions(-)
 delete mode 100644 main.c
 delete mode 100644 mat.c
 delete mode 100644 mat1.c
 delete mode 100644 mat1_en.c
 delete mode 100644 mpi_mm.c

syang11@fire:/ubc/cs/research/irmtraud/people/syang11/workspace/521_mat> git remote add cs521 https://github.com/syang11/CPSC_521.git 
syang11@fire:/ubc/cs/research/irmtraud/people/syang11/workspace/521_mat> git push cs521 master
Counting objects: 17, done.
Delta compression using up to 4 threads.
Compressing objects: 100% (17/17), done.
Writing objects: 100% (17/17), 10.27 KiB, done.
Total 17 (delta 5), reused 0 (delta 0)
To https://github.com/syang11/CPSC_521.git
 * [new branch]      master -> master